../Libraries/homeplug.c:115:6:HPGP_Fill_Address	16	static
../Libraries/homeplug.c:122:10:HPGP_Get_MTYPE	24	static
../Libraries/homeplug.c:128:6:HPGP_Clean_Tx_Buffer	16	static
../Libraries/homeplug.c:136:6:HPGP_Set_NMK	24	static
../Libraries/homeplug.c:144:6:HPGP_Set_NID	24	static
../Libraries/homeplug.c:152:10:HPGP_Get_MMTYPE	4	static
../Libraries/homeplug.c:157:6:HPGP_Compose_Test_String	8	static
../Libraries/homeplug.c:186:6:HPGP_Compose_Get_Sw_Req	8	static
../Libraries/homeplug.c:205:6:HPGP_Compose_SLAC_PARM_REQ	8	static
../Libraries/homeplug.c:229:6:HPGP_Evaluate_SLAC_PARM_CNF	8	static
../Libraries/homeplug.c:242:6:HPGP_Compose_START_ATTEN_CHAR_IND	8	static
../Libraries/homeplug.c:270:6:HPGP_Compose_MNBC_SOUND_IND	24	static
../Libraries/homeplug.c:300:6:HPGP_Evaluate_ATTEN_CHAR_IND	16	static
../Libraries/homeplug.c:324:6:HPGP_Compose_ATTEN_CHAR_RSP	8	static
../Libraries/homeplug.c:349:6:HPGP_Compose_SLAC_MATCH_REQ	8	static
../Libraries/homeplug.c:377:6:HPGP_Evaluate_SLAC_MATCH_CNF	16	static
../Libraries/homeplug.c:410:6:HPGP_Compose_SET_KEY_REQ	8	static
../Libraries/homeplug.c:458:6:HPGP_Evaluate_SET_KEY_CNF	16	static
../Libraries/homeplug.c:476:6:HPGP_Evaluate_Get_Sw_Cnf	16	static
../Libraries/homeplug.c:502:6:HPGP_Compose_Exchange_Data_Req	8	static
../Libraries/homeplug.c:515:6:HPGP_Compose_Exchange_Data_Cnf	8	static
../Libraries/homeplug.c:528:6:HPGP_Evaluate_Exchange_Data_Req	8	static
../Libraries/homeplug.c:537:6:HPGP_Evaluate_Exchange_Data_Cnf	8	static
../Libraries/homeplug.c:543:6:HPGP_Compose_Setup_Done_Req	8	static
../Libraries/homeplug.c:556:6:HPGP_Compose_Setup_Done_Cnf	8	static
../Libraries/homeplug.c:569:6:HPGP_Evaluate_Setup_Done_Req	8	static
../Libraries/homeplug.c:577:6:HPGP_Evaluate_Setup_Done_Cnf	8	static
../Libraries/homeplug.c:582:6:HPGP_Compose_Start_Charging_Req	8	static
../Libraries/homeplug.c:595:6:HPGP_Compose_Start_Charging_Cnf	8	static
../Libraries/homeplug.c:608:6:HPGP_Evaluate_Start_Charging_Req	8	static
../Libraries/homeplug.c:616:6:HPGP_Evaluate_Start_Charging_Cnf	8	static
../Libraries/homeplug.c:622:6:HPGP_Compose_Stop_Charging_Req	8	static
../Libraries/homeplug.c:635:6:HPGP_Compose_Stop_Charging_Cnf	8	static
../Libraries/homeplug.c:648:6:HPGP_Evaluate_Stop_Charging_Req	8	static
../Libraries/homeplug.c:656:6:HPGP_Evaluate_Stop_Charging_Cnf	8	static
../Libraries/homeplug.c:664:9:HPGP_EVSE_Modem_Found	4	static
../Libraries/homeplug.c:671:6:HPGP_SLAC_Enter_State	16	static
../Libraries/homeplug.c:678:5:HPGP_Too_Long	4	static
../Libraries/homeplug.c:683:6:HPGP_Run_SLAC_Sequencer	8	static
../Libraries/homeplug.c:862:6:HPGP_Evaluate_HomePlug_Packet	8	static
