../Libraries/QCA7000.c:33:10:SPI_QCA7000_Read_Signature	16	static
../Libraries/QCA7000.c:54:10:SPI_QCA7000_Read_WRBUF_SPC_AVA	16	static
../Libraries/QCA7000.c:75:10:SPI_QCA7000_Read_RDBUF_SPC_AVA	16	static
../Libraries/QCA7000.c:96:6:SPI_QCA7000_Write_BFR_SIZE	24	static
../Libraries/QCA7000.c:107:6:SPI_QCA7000_Disable_REG_INTR_DISABLE	16	static
../Libraries/QCA7000.c:121:6:SPI_QCA7000_Enable_REG_INTR_ENABLE	16	static
../Libraries/QCA7000.c:135:10:SPI_QCA7000_Read_REG_INTR_CAUSE	16	static
../Libraries/QCA7000.c:182:6:SPI_QCA7000_Confirm_REG_INTR_CAUSE	24	static
../Libraries/QCA7000.c:193:6:SPI_QCA7000_Reset_Config	16	static
../Libraries/QCA7000.c:207:6:SPI_QCA7000_Write_Config	16	static
../Libraries/QCA7000.c:221:6:SPI_QCA7000_Init_Setup	16	static
../Libraries/QCA7000.c:229:6:SPI_QCA7000_Check_Rx_Data	32	static
../Libraries/QCA7000.c:319:6:SPI_QCA7000_Send_Eth_Frame	8	static
../Libraries/QCA7000.c:346:6:SPI_QCA7000_Read_Eth_Frame	16	static
../Libraries/QCA7000.c:374:6:SPI_QCA7000_Handling_Intr	16	static
